src/admin/governance/DomainWhitelister.ts(41,27): error TS6133: 'domain' is declared but its value is never read.
src/admin/governance/SystemHealthMonitor.ts(35,16): error TS6133: 'serviceName' is declared but its value is never read.
src/admin/moderation/Moderator.ts(14,21): error TS6133: 'userId' is declared but its value is never read.
src/admin/moderation/Moderator.ts(18,21): error TS6133: 'eventId' is declared but its value is never read.
src/admin/moderation/Moderator.ts(22,24): error TS6133: 'eventId' is declared but its value is never read.
src/admin/moderation/ReportManager.ts(18,27): error TS6133: 'moderatorId' is declared but its value is never read.
src/admin/moderation/ReportManager.ts(26,21): error TS6133: 'reportId' is declared but its value is never read.
src/admin/ui/Dashboard.tsx(1,1): error TS6133: 'React' is declared but its value is never read.
src/App.tsx(1,1): error TS6133: 'React' is declared but its value is never read.
src/components/ProtectedRoute.tsx(1,1): error TS6133: 'React' is declared but its value is never read.
src/layouts/AdminLayout.tsx(1,8): error TS6133: 'React' is declared but its value is never read.
src/layouts/AdminLayout.tsx(1,27): error TS6133: 'useEffect' is declared but its value is never read.
src/pages/GovernanceDashboard.tsx(3,10): error TS2305: Module '"../types"' has no exported member 'AllowedDomain'.
src/pages/LandingPage.tsx(1,8): error TS6133: 'React' is declared but its value is never read.
src/pages/LoginPage.tsx(3,1): error TS6133: 'supabaseClient' is declared but its value is never read.
src/pages/LoginPage.tsx(3,32): error TS1261: Already included file name 'C:/Users/zyamur/Desktop/gather-web/GatherUp-Admin-Web/src/infra/supabaseClient.ts' differs from file name 'C:/Users/zyamur/Desktop/gather-web/GatherUp-Admin-Web/src/infra/SupabaseClient.ts' only in casing.
  The file is in the program because:
    Imported via '../infra/supabaseClient' from file 'C:/Users/zyamur/Desktop/gather-web/GatherUp-Admin-Web/src/pages/LoginPage.tsx'
    Imported via '../infra/supabaseClient' from file 'C:/Users/zyamur/Desktop/gather-web/GatherUp-Admin-Web/src/layouts/AdminLayout.tsx'
    Imported via '../infra/supabaseClient' from file 'C:/Users/zyamur/Desktop/gather-web/GatherUp-Admin-Web/src/services/AnalyticsEngine.ts'
    Imported via '../infra/supabaseClient' from file 'C:/Users/zyamur/Desktop/gather-web/GatherUp-Admin-Web/src/services/ModerationService.ts'
    Imported via '../infra/supabaseClient' from file 'C:/Users/zyamur/Desktop/gather-web/GatherUp-Admin-Web/src/services/GovernanceService.ts'
    Imported via '../infra/supabaseClient' from file 'C:/Users/zyamur/Desktop/gather-web/GatherUp-Admin-Web/src/services/SystemHealthMonitor.ts'
    Imported via '../../infra/supabaseClient' from file 'C:/Users/zyamur/Desktop/gather-web/GatherUp-Admin-Web/src/admin/ui/DashboardHook.ts'
    Imported via '../../infra/supabaseClient' from file 'C:/Users/zyamur/Desktop/gather-web/GatherUp-Admin-Web/src/admin/workflow/BanWorkflow.ts'
    Matched by include pattern 'src' in 'C:/Users/zyamur/Desktop/gather-web/GatherUp-Admin-Web/tsconfig.json'
src/pages/MainDashboard.tsx(1,8): error TS6133: 'React' is declared but its value is never read.
src/pages/MainDashboard.tsx(159,43): error TS6133: 'entry' is declared but its value is never read.
src/pages/ModerationDashboard.tsx(1,8): error TS6133: 'React' is declared but its value is never read.
src/pages/ModerationDashboard.tsx(4,92): error TS6133: 'Users' is declared but its value is never read.
src/pages/SystemHealthDashboard.tsx(1,8): error TS6133: 'React' is declared but its value is never read.
